12:21:32.512 [main] ERROR testcases.TC003_LoginDDT - Test Failed..
12:21:32.560 [main] INFO  testcases.TC003_LoginDDT - *******Startiing TC002_Login Data Driven Test*******
12:21:42.624 [main] ERROR testcases.TC003_LoginDDT - Test Failed..
12:24:20.106 [main] INFO  testcases.TC003_LoginDDT - Running on operating system: windows
12:24:27.697 [main] INFO  testcases.TC003_LoginDDT - *******Startiing TC002_Login Data Driven Test*******
12:24:29.968 [main] INFO  testcases.TC003_LoginDDT - Clicked on login/signup button
12:24:29.971 [main] INFO  testcases.TC003_LoginDDT - Providing user login details
12:24:33.992 [main] INFO  testcases.TC003_LoginDDT - Validating if user is logged in
12:25:11.220 [main] INFO  testcases.TC003_LoginDDT - *******Startiing TC002_Login Data Driven Test*******
12:25:55.857 [main] INFO  testcases.TC003_LoginDDT - Clicked on login/signup button
12:25:55.866 [main] INFO  testcases.TC003_LoginDDT - Providing user login details
12:25:58.147 [main] INFO  testcases.TC003_LoginDDT - Validating if user is logged in
12:29:27.917 [main] ERROR testcases.TC003_LoginDDT - Test Failed..
12:29:41.253 [main] INFO  testcases.TC003_LoginDDT - *******Startiing TC002_Login Data Driven Test*******
12:29:43.944 [main] INFO  testcases.TC003_LoginDDT - Clicked on login/signup button
12:29:43.947 [main] INFO  testcases.TC003_LoginDDT - Providing user login details
12:29:45.428 [main] ERROR testcases.TC003_LoginDDT - Test Failed..
12:30:47.563 [main] INFO  testcases.TC003_LoginDDT - Running on operating system: windows
12:30:55.236 [main] INFO  testcases.TC003_LoginDDT - *******Startiing TC002_Login Data Driven Test*******
12:30:59.570 [main] INFO  testcases.TC003_LoginDDT - Clicked on login/signup button
12:30:59.573 [main] INFO  testcases.TC003_LoginDDT - Providing user login details
12:31:05.769 [main] INFO  testcases.TC003_LoginDDT - Validating if user is logged in
12:37:22.462 [main] ERROR testcases.TC003_LoginDDT - Test Failed..
12:37:32.490 [main] INFO  testcases.TC003_LoginDDT - Running on operating system: windows
12:37:39.390 [main] INFO  testcases.TC003_LoginDDT - *******Starting TC003_Login Data Driven Test*******
12:37:41.195 [main] INFO  testcases.TC003_LoginDDT - Clicked on login/signup button
12:37:41.209 [main] INFO  testcases.TC003_LoginDDT - Providing user login details
12:37:41.604 [main] INFO  testcases.TC003_LoginDDT - Validating if user is logged in
12:38:23.528 [main] ERROR testcases.TC003_LoginDDT - Test Failed..
12:41:22.511 [main] INFO  testcases.TC003_LoginDDT - Running on operating system: windows
12:41:29.516 [main] INFO  testcases.TC003_LoginDDT - *******Starting TC003_Login Data Driven Test*******
12:41:31.374 [main] INFO  testcases.TC003_LoginDDT - Clicked on login/signup button
12:41:31.379 [main] INFO  testcases.TC003_LoginDDT - Providing user login details
12:41:31.722 [main] INFO  testcases.TC003_LoginDDT - Validating if user is logged in
12:41:37.045 [main] INFO  testcases.TC003_LoginDDT - *******Starting TC003_Login Data Driven Test*******
12:41:38.317 [main] INFO  testcases.TC003_LoginDDT - Clicked on login/signup button
12:41:38.317 [main] INFO  testcases.TC003_LoginDDT - Providing user login details
12:41:38.512 [main] INFO  testcases.TC003_LoginDDT - Validating if user is logged in
12:42:10.229 [main] ERROR testcases.TC003_LoginDDT - Test Failed..
12:42:10.232 [main] INFO  testcases.TC003_LoginDDT - *******Starting TC003_Login Data Driven Test*******
12:42:12.018 [main] INFO  testcases.TC003_LoginDDT - Clicked on login/signup button
12:42:12.020 [main] INFO  testcases.TC003_LoginDDT - Providing user login details
12:42:12.483 [main] INFO  testcases.TC003_LoginDDT - Validating if user is logged in
12:42:22.538 [main] ERROR testcases.TC003_LoginDDT - Test Failed..
12:44:24.524 [main] INFO  testcases.TC003_LoginDDT - Running on operating system: windows
12:44:30.308 [main] INFO  testcases.TC003_LoginDDT - *******Starting TC003_Login Data Driven Test*******
12:44:32.133 [main] INFO  testcases.TC003_LoginDDT - Clicked on login/signup button
12:44:32.140 [main] INFO  testcases.TC003_LoginDDT - Providing user login details
12:44:36.178 [main] INFO  testcases.TC003_LoginDDT - Validating if user is logged in
12:44:39.769 [main] INFO  testcases.TC003_LoginDDT - *******Starting TC003_Login Data Driven Test*******
12:44:39.955 [main] INFO  testcases.TC003_LoginDDT - Clicked on login/signup button
12:44:39.958 [main] INFO  testcases.TC003_LoginDDT - Providing user login details
12:44:41.261 [main] ERROR testcases.TC003_LoginDDT - Test Failed..
12:44:41.270 [main] INFO  testcases.TC003_LoginDDT - *******Starting TC003_Login Data Driven Test*******
12:44:42.370 [main] ERROR testcases.TC003_LoginDDT - Test Failed..
12:48:52.607 [main] INFO  testcases.TC003_LoginDDT - Running on operating system: windows
12:49:00.897 [main] INFO  testcases.TC003_LoginDDT - *******Starting TC003_Login Data Driven Test*******
12:49:03.208 [main] INFO  testcases.TC003_LoginDDT - Clicked on login/signup button
